../Core/Src/LCD.c:4:6:LCD_SendHalf	16	static
../Core/Src/LCD.c:12:6:LCD_Enable	8	static
../Core/Src/LCD.c:20:6:LCD_SendCmd	16	static
../Core/Src/LCD.c:29:6:LCD_SendData	16	static
../Core/Src/LCD.c:38:6:LCD_Init	8	static
../Core/Src/LCD.c:51:6:LCD_Print	16	static
../Core/Src/LCD.c:58:6:LCD_Clear	8	static
../Core/Src/LCD.c:62:6:LCD_SetCursor	24	static
../Core/Src/LCD.c:76:6:LCD_CursorBlink	8	static
../Core/Src/LCD.c:81:6:LCD_DisableCursorBlink	8	static
../Core/Src/LCD.c:85:6:LCD_PrintNumber	32	static
