../Core/Src/main.c:90:5:main	8	static
../Core/Src/main.c:143:6:SystemClock_Config	72	static
../Core/Src/main.c:183:13:MX_TIM2_Init	56	static
../Core/Src/main.c:235:13:MX_GPIO_Init	40	static
../Core/Src/main.c:288:11:Reset_LCD	8	static
../Core/Src/main.c:308:11:Read_Keypad	16	static
../Core/Src/main.c:326:11:Save_pass_to_flash	16	static
../Core/Src/main.c:334:11:Read_pass_from_flash	16	static
../Core/Src/main.c:343:11:Default_Change_Screen	8	static
../Core/Src/main.c:359:11:Change_Passcode	8	static
../Core/Src/main.c:367:11:Check_Old_Passcode	16	static
../Core/Src/main.c:432:11:Successful_change_screen	8	static
../Core/Src/main.c:443:11:Xu_Ly_Mat_Khau	24	static
../Core/Src/main.c:536:10:KeyPad	8	static
../Core/Src/main.c:783:6:Error_Handler	4	static,ignoring_inline_asm
