../Core/Src/main.c:89:5:main	8	static
../Core/Src/main.c:141:6:SystemClock_Config	72	static
../Core/Src/main.c:181:13:MX_TIM2_Init	56	static
../Core/Src/main.c:233:13:MX_GPIO_Init	40	static
../Core/Src/main.c:286:11:Reset_LCD	8	static
../Core/Src/main.c:306:11:Read_Keypad	16	static
../Core/Src/main.c:323:11:Save_pass_to_flash	16	static
../Core/Src/main.c:331:11:Read_pass_from_flash	16	static
../Core/Src/main.c:340:11:Default_Change_Screen	8	static
../Core/Src/main.c:356:11:Change_Passcode	8	static
../Core/Src/main.c:364:11:Check_Old_Passcode	16	static
../Core/Src/main.c:430:11:Successful_change_screen	8	static
../Core/Src/main.c:441:11:Xu_Ly_Mat_Khau	24	static
../Core/Src/main.c:531:10:KeyPad	8	static
../Core/Src/main.c:776:6:Error_Handler	4	static,ignoring_inline_asm
